[2025-12-23T09:49:28.103+0000] {processor.py:186} INFO - Started process (PID=179) to work on /opt/airflow/dags/taxi_clean_dag.py
[2025-12-23T09:49:28.104+0000] {processor.py:914} INFO - Processing file /opt/airflow/dags/taxi_clean_dag.py for tasks to queue
[2025-12-23T09:49:28.106+0000] {logging_mixin.py:190} INFO - [2025-12-23T09:49:28.106+0000] {dagbag.py:588} INFO - Filling up the DagBag from /opt/airflow/dags/taxi_clean_dag.py
[2025-12-23T09:49:28.116+0000] {processor.py:925} INFO - DAG(s) 'taxi_clean_pipeline' retrieved from /opt/airflow/dags/taxi_clean_dag.py
[2025-12-23T09:49:28.234+0000] {logging_mixin.py:190} INFO - [2025-12-23T09:49:28.234+0000] {override.py:1912} INFO - Created Permission View: can read on DAG:taxi_clean_pipeline
[2025-12-23T09:49:28.244+0000] {logging_mixin.py:190} INFO - [2025-12-23T09:49:28.244+0000] {override.py:1912} INFO - Created Permission View: can edit on DAG:taxi_clean_pipeline
[2025-12-23T09:49:28.251+0000] {logging_mixin.py:190} INFO - [2025-12-23T09:49:28.251+0000] {override.py:1912} INFO - Created Permission View: can delete on DAG:taxi_clean_pipeline
[2025-12-23T09:49:28.259+0000] {logging_mixin.py:190} INFO - [2025-12-23T09:49:28.258+0000] {override.py:1912} INFO - Created Permission View: menu access on DAG Run:taxi_clean_pipeline
[2025-12-23T09:49:28.266+0000] {logging_mixin.py:190} INFO - [2025-12-23T09:49:28.266+0000] {override.py:1912} INFO - Created Permission View: can create on DAG Run:taxi_clean_pipeline
[2025-12-23T09:49:28.272+0000] {logging_mixin.py:190} INFO - [2025-12-23T09:49:28.271+0000] {override.py:1912} INFO - Created Permission View: can read on DAG Run:taxi_clean_pipeline
[2025-12-23T09:49:28.278+0000] {logging_mixin.py:190} INFO - [2025-12-23T09:49:28.277+0000] {override.py:1912} INFO - Created Permission View: can delete on DAG Run:taxi_clean_pipeline
[2025-12-23T09:49:28.278+0000] {logging_mixin.py:190} INFO - [2025-12-23T09:49:28.278+0000] {dag.py:3239} INFO - Sync 1 DAGs
[2025-12-23T09:49:28.292+0000] {logging_mixin.py:190} INFO - [2025-12-23T09:49:28.291+0000] {dag.py:3262} INFO - Creating ORM DAG for taxi_clean_pipeline
[2025-12-23T09:49:28.293+0000] {logging_mixin.py:190} INFO - [2025-12-23T09:49:28.292+0000] {dag.py:4180} INFO - Setting next_dagrun for taxi_clean_pipeline to None, run_after=None
[2025-12-23T09:49:28.316+0000] {processor.py:208} INFO - Processing /opt/airflow/dags/taxi_clean_dag.py took 0.217 seconds
[2025-12-23T09:49:58.522+0000] {processor.py:186} INFO - Started process (PID=184) to work on /opt/airflow/dags/taxi_clean_dag.py
[2025-12-23T09:49:58.536+0000] {processor.py:914} INFO - Processing file /opt/airflow/dags/taxi_clean_dag.py for tasks to queue
[2025-12-23T09:49:58.538+0000] {logging_mixin.py:190} INFO - [2025-12-23T09:49:58.538+0000] {dagbag.py:588} INFO - Filling up the DagBag from /opt/airflow/dags/taxi_clean_dag.py
[2025-12-23T09:49:58.545+0000] {processor.py:925} INFO - DAG(s) 'taxi_clean_pipeline' retrieved from /opt/airflow/dags/taxi_clean_dag.py
[2025-12-23T09:49:58.572+0000] {logging_mixin.py:190} INFO - [2025-12-23T09:49:58.572+0000] {dag.py:3239} INFO - Sync 1 DAGs
[2025-12-23T09:49:58.585+0000] {logging_mixin.py:190} INFO - [2025-12-23T09:49:58.585+0000] {dag.py:4180} INFO - Setting next_dagrun for taxi_clean_pipeline to None, run_after=None
[2025-12-23T09:49:58.602+0000] {processor.py:208} INFO - Processing /opt/airflow/dags/taxi_clean_dag.py took 0.085 seconds
[2025-12-23T09:50:28.764+0000] {processor.py:186} INFO - Started process (PID=189) to work on /opt/airflow/dags/taxi_clean_dag.py
[2025-12-23T09:50:28.767+0000] {processor.py:914} INFO - Processing file /opt/airflow/dags/taxi_clean_dag.py for tasks to queue
[2025-12-23T09:50:28.768+0000] {logging_mixin.py:190} INFO - [2025-12-23T09:50:28.768+0000] {dagbag.py:588} INFO - Filling up the DagBag from /opt/airflow/dags/taxi_clean_dag.py
[2025-12-23T09:50:28.775+0000] {processor.py:925} INFO - DAG(s) 'taxi_clean_pipeline' retrieved from /opt/airflow/dags/taxi_clean_dag.py
[2025-12-23T09:50:28.800+0000] {logging_mixin.py:190} INFO - [2025-12-23T09:50:28.800+0000] {dag.py:3239} INFO - Sync 1 DAGs
[2025-12-23T09:50:28.811+0000] {logging_mixin.py:190} INFO - [2025-12-23T09:50:28.811+0000] {dag.py:4180} INFO - Setting next_dagrun for taxi_clean_pipeline to None, run_after=None
[2025-12-23T09:50:28.829+0000] {processor.py:208} INFO - Processing /opt/airflow/dags/taxi_clean_dag.py took 0.070 seconds
[2025-12-23T09:50:59.087+0000] {processor.py:186} INFO - Started process (PID=194) to work on /opt/airflow/dags/taxi_clean_dag.py
[2025-12-23T09:50:59.089+0000] {processor.py:914} INFO - Processing file /opt/airflow/dags/taxi_clean_dag.py for tasks to queue
[2025-12-23T09:50:59.091+0000] {logging_mixin.py:190} INFO - [2025-12-23T09:50:59.091+0000] {dagbag.py:588} INFO - Filling up the DagBag from /opt/airflow/dags/taxi_clean_dag.py
[2025-12-23T09:50:59.105+0000] {processor.py:925} INFO - DAG(s) 'taxi_clean_pipeline' retrieved from /opt/airflow/dags/taxi_clean_dag.py
[2025-12-23T09:50:59.141+0000] {logging_mixin.py:190} INFO - [2025-12-23T09:50:59.140+0000] {dag.py:3239} INFO - Sync 1 DAGs
[2025-12-23T09:50:59.156+0000] {logging_mixin.py:190} INFO - [2025-12-23T09:50:59.156+0000] {dag.py:4180} INFO - Setting next_dagrun for taxi_clean_pipeline to None, run_after=None
[2025-12-23T09:50:59.177+0000] {processor.py:208} INFO - Processing /opt/airflow/dags/taxi_clean_dag.py took 0.099 seconds
[2025-12-23T09:51:29.314+0000] {processor.py:186} INFO - Started process (PID=204) to work on /opt/airflow/dags/taxi_clean_dag.py
[2025-12-23T09:51:29.317+0000] {processor.py:914} INFO - Processing file /opt/airflow/dags/taxi_clean_dag.py for tasks to queue
[2025-12-23T09:51:29.319+0000] {logging_mixin.py:190} INFO - [2025-12-23T09:51:29.318+0000] {dagbag.py:588} INFO - Filling up the DagBag from /opt/airflow/dags/taxi_clean_dag.py
[2025-12-23T09:51:29.327+0000] {processor.py:925} INFO - DAG(s) 'taxi_clean_pipeline' retrieved from /opt/airflow/dags/taxi_clean_dag.py
[2025-12-23T09:51:29.357+0000] {logging_mixin.py:190} INFO - [2025-12-23T09:51:29.357+0000] {dag.py:3239} INFO - Sync 1 DAGs
[2025-12-23T09:51:29.371+0000] {logging_mixin.py:190} INFO - [2025-12-23T09:51:29.371+0000] {dag.py:4180} INFO - Setting next_dagrun for taxi_clean_pipeline to None, run_after=None
[2025-12-23T09:51:29.391+0000] {processor.py:208} INFO - Processing /opt/airflow/dags/taxi_clean_dag.py took 0.084 seconds
[2025-12-23T09:51:59.644+0000] {processor.py:186} INFO - Started process (PID=209) to work on /opt/airflow/dags/taxi_clean_dag.py
[2025-12-23T09:51:59.647+0000] {processor.py:914} INFO - Processing file /opt/airflow/dags/taxi_clean_dag.py for tasks to queue
[2025-12-23T09:51:59.649+0000] {logging_mixin.py:190} INFO - [2025-12-23T09:51:59.648+0000] {dagbag.py:588} INFO - Filling up the DagBag from /opt/airflow/dags/taxi_clean_dag.py
[2025-12-23T09:51:59.657+0000] {processor.py:925} INFO - DAG(s) 'taxi_clean_pipeline' retrieved from /opt/airflow/dags/taxi_clean_dag.py
[2025-12-23T09:51:59.688+0000] {logging_mixin.py:190} INFO - [2025-12-23T09:51:59.688+0000] {dag.py:3239} INFO - Sync 1 DAGs
[2025-12-23T09:51:59.703+0000] {logging_mixin.py:190} INFO - [2025-12-23T09:51:59.702+0000] {dag.py:4180} INFO - Setting next_dagrun for taxi_clean_pipeline to None, run_after=None
[2025-12-23T09:51:59.721+0000] {processor.py:208} INFO - Processing /opt/airflow/dags/taxi_clean_dag.py took 0.084 seconds
