[2025-12-23T09:49:28.033+0000] {manager.py:483} INFO - Processing files using up to 2 processes at a time 
[2025-12-23T09:49:28.034+0000] {manager.py:484} INFO - Process each file at most once every 30 seconds
[2025-12-23T09:49:28.034+0000] {manager.py:485} INFO - Checking for new files in /opt/airflow/dags every 300 seconds
[2025-12-23T09:49:28.034+0000] {manager.py:821} INFO - Searching for files in /opt/airflow/dags
[2025-12-23T09:49:28.035+0000] {manager.py:824} INFO - There are 1 files in /opt/airflow/dags
[2025-12-23T09:49:28.109+0000] {manager.py:997} INFO - 
================================================================================
DAG File Processing Stats

File Path                              PID  Runtime      # DAGs    # Errors  Last Runtime    Last Run      Last # of DB Queries
-----------------------------------  -----  ---------  --------  ----------  --------------  ----------  ----------------------
/opt/airflow/dags/taxi_clean_dag.py    179  0.02s             0           0                                                   0
================================================================================
[2025-12-23T09:49:58.298+0000] {manager.py:997} INFO - 
================================================================================
DAG File Processing Stats

File Path                            PID    Runtime      # DAGs    # Errors  Last Runtime    Last Run               Last # of DB Queries
-----------------------------------  -----  ---------  --------  ----------  --------------  -------------------  ----------------------
/opt/airflow/dags/taxi_clean_dag.py                           1           0  0.24s           2025-12-23T09:49:28                      43
================================================================================
[2025-12-23T09:50:28.755+0000] {manager.py:997} INFO - 
================================================================================
DAG File Processing Stats

File Path                              PID  Runtime      # DAGs    # Errors  Last Runtime    Last Run               Last # of DB Queries
-----------------------------------  -----  ---------  --------  ----------  --------------  -------------------  ----------------------
/opt/airflow/dags/taxi_clean_dag.py    189  0.00s             1           0  0.10s           2025-12-23T09:49:58                      10
================================================================================
[2025-12-23T09:50:59.074+0000] {manager.py:997} INFO - 
================================================================================
DAG File Processing Stats

File Path                              PID  Runtime      # DAGs    # Errors  Last Runtime    Last Run               Last # of DB Queries
-----------------------------------  -----  ---------  --------  ----------  --------------  -------------------  ----------------------
/opt/airflow/dags/taxi_clean_dag.py    194  0.00s             1           0  0.09s           2025-12-23T09:50:28                      10
================================================================================
[2025-12-23T09:51:29.302+0000] {manager.py:997} INFO - 
================================================================================
DAG File Processing Stats

File Path                              PID  Runtime      # DAGs    # Errors  Last Runtime    Last Run               Last # of DB Queries
-----------------------------------  -----  ---------  --------  ----------  --------------  -------------------  ----------------------
/opt/airflow/dags/taxi_clean_dag.py    204  0.00s             1           0  0.12s           2025-12-23T09:50:59                      10
================================================================================
[2025-12-23T09:51:59.633+0000] {manager.py:997} INFO - 
================================================================================
DAG File Processing Stats

File Path                              PID  Runtime      # DAGs    # Errors  Last Runtime    Last Run               Last # of DB Queries
-----------------------------------  -----  ---------  --------  ----------  --------------  -------------------  ----------------------
/opt/airflow/dags/taxi_clean_dag.py    209  0.00s             1           0  0.10s           2025-12-23T09:51:29                      10
================================================================================
