[2025-12-23T09:52:01.739+0000] {local_task_job_runner.py:123} INFO - ::group::Pre task execution logs
[2025-12-23T09:52:01.760+0000] {taskinstance.py:2614} INFO - Dependencies all met for dep_context=non-requeueable deps ti=<TaskInstance: taxi_clean_pipeline.run_spark_clean manual__2025-12-23T09:52:01.285930+00:00 [queued]>
[2025-12-23T09:52:01.768+0000] {taskinstance.py:2614} INFO - Dependencies all met for dep_context=requeueable deps ti=<TaskInstance: taxi_clean_pipeline.run_spark_clean manual__2025-12-23T09:52:01.285930+00:00 [queued]>
[2025-12-23T09:52:01.768+0000] {taskinstance.py:2867} INFO - Starting attempt 1 of 2
[2025-12-23T09:52:01.781+0000] {taskinstance.py:2890} INFO - Executing <Task(BashOperator): run_spark_clean> on 2025-12-23 09:52:01.285930+00:00
[2025-12-23T09:52:01.786+0000] {standard_task_runner.py:72} INFO - Started process 215 to run task
[2025-12-23T09:52:01.790+0000] {standard_task_runner.py:104} INFO - Running: ['***', 'tasks', 'run', 'taxi_clean_pipeline', 'run_spark_clean', 'manual__2025-12-23T09:52:01.285930+00:00', '--job-id', '3', '--raw', '--subdir', 'DAGS_FOLDER/taxi_clean_dag.py', '--cfg-path', '/tmp/tmp36oyvpc0']
[2025-12-23T09:52:01.793+0000] {standard_task_runner.py:105} INFO - Job 3: Subtask run_spark_clean
[2025-12-23T09:52:01.853+0000] {task_command.py:467} INFO - Running <TaskInstance: taxi_clean_pipeline.run_spark_clean manual__2025-12-23T09:52:01.285930+00:00 [running]> on host dd1835a7ca38
[2025-12-23T09:52:01.954+0000] {taskinstance.py:3134} INFO - Exporting env vars: AIRFLOW_CTX_DAG_OWNER='data-eng' AIRFLOW_CTX_DAG_ID='taxi_clean_pipeline' AIRFLOW_CTX_TASK_ID='run_spark_clean' AIRFLOW_CTX_EXECUTION_DATE='2025-12-23T09:52:01.285930+00:00' AIRFLOW_CTX_TRY_NUMBER='1' AIRFLOW_CTX_DAG_RUN_ID='manual__2025-12-23T09:52:01.285930+00:00'
[2025-12-23T09:52:01.955+0000] {taskinstance.py:732} INFO - ::endgroup::
[2025-12-23T09:52:01.966+0000] {subprocess.py:78} INFO - Tmp dir root location: /tmp
[2025-12-23T09:52:01.967+0000] {subprocess.py:88} INFO - Running command: ['/usr/bin/bash', '-c', '\n        spark-submit --master local[*] /opt/***/scripts/clean_taxi.py\n        ']
[2025-12-23T09:52:01.975+0000] {subprocess.py:99} INFO - Output:
[2025-12-23T09:52:01.976+0000] {subprocess.py:106} INFO - /usr/bin/bash: line 2: spark-submit: command not found
[2025-12-23T09:52:01.977+0000] {subprocess.py:110} INFO - Command exited with return code 127
[2025-12-23T09:52:01.989+0000] {taskinstance.py:3313} ERROR - Task failed with exception
Traceback (most recent call last):
  File "/home/airflow/.local/lib/python3.11/site-packages/airflow/models/taskinstance.py", line 768, in _execute_task
    result = _execute_callable(context=context, **execute_callable_kwargs)
             ^^^^^^^^^^^^^^^^^^^^^^^^^^^^^^^^^^^^^^^^^^^^^^^^^^^^^^^^^^^^^
  File "/home/airflow/.local/lib/python3.11/site-packages/airflow/models/taskinstance.py", line 734, in _execute_callable
    return ExecutionCallableRunner(
           ^^^^^^^^^^^^^^^^^^^^^^^^
  File "/home/airflow/.local/lib/python3.11/site-packages/airflow/utils/operator_helpers.py", line 252, in run
    return self.func(*args, **kwargs)
           ^^^^^^^^^^^^^^^^^^^^^^^^^^
  File "/home/airflow/.local/lib/python3.11/site-packages/airflow/models/baseoperator.py", line 424, in wrapper
    return func(self, *args, **kwargs)
           ^^^^^^^^^^^^^^^^^^^^^^^^^^^
  File "/home/airflow/.local/lib/python3.11/site-packages/airflow/operators/bash.py", line 276, in execute
    raise AirflowException(
airflow.exceptions.AirflowException: Bash command failed. The command returned a non-zero exit code 127.
[2025-12-23T09:52:01.996+0000] {taskinstance.py:1226} INFO - Marking task as UP_FOR_RETRY. dag_id=taxi_clean_pipeline, task_id=run_spark_clean, run_id=manual__2025-12-23T09:52:01.285930+00:00, execution_date=20251223T095201, start_date=20251223T095201, end_date=20251223T095201
[2025-12-23T09:52:02.032+0000] {taskinstance.py:341} INFO - ::group::Post task execution logs
[2025-12-23T09:52:02.032+0000] {standard_task_runner.py:124} ERROR - Failed to execute job 3 for task run_spark_clean (Bash command failed. The command returned a non-zero exit code 127.; 215)
Traceback (most recent call last):
  File "/home/airflow/.local/lib/python3.11/site-packages/airflow/task/task_runner/standard_task_runner.py", line 117, in _start_by_fork
    ret = args.func(args, dag=self.dag)
          ^^^^^^^^^^^^^^^^^^^^^^^^^^^^^
  File "/home/airflow/.local/lib/python3.11/site-packages/airflow/cli/cli_config.py", line 49, in command
    return func(*args, **kwargs)
           ^^^^^^^^^^^^^^^^^^^^^
  File "/home/airflow/.local/lib/python3.11/site-packages/airflow/utils/cli.py", line 116, in wrapper
    return f(*args, **kwargs)
           ^^^^^^^^^^^^^^^^^^
  File "/home/airflow/.local/lib/python3.11/site-packages/airflow/cli/commands/task_command.py", line 483, in task_run
    task_return_code = _run_task_by_selected_method(args, _dag, ti)
                       ^^^^^^^^^^^^^^^^^^^^^^^^^^^^^^^^^^^^^^^^^^^^
  File "/home/airflow/.local/lib/python3.11/site-packages/airflow/cli/commands/task_command.py", line 256, in _run_task_by_selected_method
    return _run_raw_task(args, ti)
           ^^^^^^^^^^^^^^^^^^^^^^^
  File "/home/airflow/.local/lib/python3.11/site-packages/airflow/cli/commands/task_command.py", line 341, in _run_raw_task
    return ti._run_raw_task(
           ^^^^^^^^^^^^^^^^^
  File "/home/airflow/.local/lib/python3.11/site-packages/airflow/utils/session.py", line 97, in wrapper
    return func(*args, session=session, **kwargs)
           ^^^^^^^^^^^^^^^^^^^^^^^^^^^^^^^^^^^^^^
  File "/home/airflow/.local/lib/python3.11/site-packages/airflow/models/taskinstance.py", line 3006, in _run_raw_task
    return _run_raw_task(
           ^^^^^^^^^^^^^^
  File "/home/airflow/.local/lib/python3.11/site-packages/airflow/models/taskinstance.py", line 274, in _run_raw_task
    TaskInstance._execute_task_with_callbacks(
  File "/home/airflow/.local/lib/python3.11/site-packages/airflow/models/taskinstance.py", line 3161, in _execute_task_with_callbacks
    result = self._execute_task(context, task_orig)
             ^^^^^^^^^^^^^^^^^^^^^^^^^^^^^^^^^^^^^^
  File "/home/airflow/.local/lib/python3.11/site-packages/airflow/models/taskinstance.py", line 3185, in _execute_task
    return _execute_task(self, context, task_orig)
           ^^^^^^^^^^^^^^^^^^^^^^^^^^^^^^^^^^^^^^^
  File "/home/airflow/.local/lib/python3.11/site-packages/airflow/models/taskinstance.py", line 768, in _execute_task
    result = _execute_callable(context=context, **execute_callable_kwargs)
             ^^^^^^^^^^^^^^^^^^^^^^^^^^^^^^^^^^^^^^^^^^^^^^^^^^^^^^^^^^^^^
  File "/home/airflow/.local/lib/python3.11/site-packages/airflow/models/taskinstance.py", line 734, in _execute_callable
    return ExecutionCallableRunner(
           ^^^^^^^^^^^^^^^^^^^^^^^^
  File "/home/airflow/.local/lib/python3.11/site-packages/airflow/utils/operator_helpers.py", line 252, in run
    return self.func(*args, **kwargs)
           ^^^^^^^^^^^^^^^^^^^^^^^^^^
  File "/home/airflow/.local/lib/python3.11/site-packages/airflow/models/baseoperator.py", line 424, in wrapper
    return func(self, *args, **kwargs)
           ^^^^^^^^^^^^^^^^^^^^^^^^^^^
  File "/home/airflow/.local/lib/python3.11/site-packages/airflow/operators/bash.py", line 276, in execute
    raise AirflowException(
airflow.exceptions.AirflowException: Bash command failed. The command returned a non-zero exit code 127.
[2025-12-23T09:52:02.045+0000] {local_task_job_runner.py:266} INFO - Task exited with return code 1
[2025-12-23T09:52:02.067+0000] {taskinstance.py:3901} INFO - 0 downstream tasks scheduled from follow-on schedule check
[2025-12-23T09:52:02.070+0000] {local_task_job_runner.py:245} INFO - ::endgroup::
